// Jest Snapshot v1, https://goo.gl/fbAQLP

exports[`Season Repository should save a multiple seasons without problems 1`] = `
Array [
  Object {
    "name": "2020/2021",
    "year1": "2020",
    "year2": "2022",
  },
  Object {
    "name": "2021/2022",
    "year1": "2021",
    "year2": "2022",
  },
]
`;
