// Jest Snapshot v1, https://goo.gl/fbAQLP

exports[`Player Repository should save a player without problems 1`] = `
Object {
  "country": "Portugalsko",
  "dateOfBirth": "1990-03-16",
  "facrId": "123457",
  "facrMemberFrom": "2005-03-16",
  "gender": "Male",
  "name": "Kristian",
  "positions": null,
  "shirtNumber": null,
  "surname": "Ronaldny",
  "transferRecords": null,
}
`;
