// Jest Snapshot v1, https://goo.gl/fbAQLP

exports[`FacrScraper should scrape matches from html correctly 1`] = `
Object {
  "awayTeam": "FK Teplice - fotbal, spolek",
  "awayTeamScore": 4,
  "competition": "Starší přípravka A",
  "facrUuid": "852d404e-687a-4595-867b-ea64b018dc78",
  "homeTeam": "VIKTORIA PLZEŇ - fotbal, z.s.",
  "homeTeamScore": 7,
  "lineups": Object {
    "away": Array [
      Object {
        "fullname": "Zulegerová Anna",
        "goals": Array [],
        "isInStartingLineup": true,
        "position": "Brankář",
        "redCard": false,
        "shirt": 30,
        "substitution": "",
        "yellowCard": false,
      },
      Object {
        "fullname": "Lišková Barbora",
        "goals": Array [
          Object {
            "minute": 9,
            "type": "Branka",
          },
          Object {
            "minute": 17,
            "type": "Branka",
          },
        ],
        "isInStartingLineup": true,
        "position": "Neuvedeno",
        "redCard": false,
        "shirt": 17,
        "substitution": "",
        "yellowCard": false,
      },
      Object {
        "fullname": "Milíčková Michaela",
        "goals": Array [],
        "isInStartingLineup": true,
        "position": "Neuvedeno",
        "redCard": false,
        "shirt": 18,
        "substitution": "",
        "yellowCard": false,
      },
      Object {
        "fullname": "Redlichová Zdenička",
        "goals": Array [
          Object {
            "minute": 26,
            "type": "Branka",
          },
        ],
        "isInStartingLineup": true,
        "position": "Neuvedeno",
        "redCard": false,
        "shirt": 2,
        "substitution": "",
        "yellowCard": false,
      },
      Object {
        "fullname": "Šandová Marie",
        "goals": Array [],
        "isInStartingLineup": true,
        "position": "Neuvedeno",
        "redCard": false,
        "shirt": 22,
        "substitution": "",
        "yellowCard": false,
      },
      Object {
        "fullname": "Špaková Nikola",
        "goals": Array [
          Object {
            "minute": 20,
            "type": "Branka",
          },
        ],
        "isInStartingLineup": true,
        "position": "Neuvedeno",
        "redCard": false,
        "shirt": 12,
        "substitution": "",
        "yellowCard": false,
      },
      Object {
        "fullname": "Novotná Ema",
        "goals": Array [],
        "isInStartingLineup": true,
        "position": "Neuvedeno",
        "redCard": false,
        "shirt": 10,
        "substitution": "",
        "yellowCard": false,
      },
      Object {
        "fullname": "Vacínová Aneta Klára",
        "goals": Array [],
        "isInStartingLineup": true,
        "position": "Neuvedeno",
        "redCard": false,
        "shirt": 11,
        "substitution": "",
        "yellowCard": false,
      },
    ],
    "home": Array [
      Object {
        "fullname": "Dragounová Barbora",
        "goals": Array [],
        "isInStartingLineup": true,
        "position": "Brankář",
        "redCard": false,
        "shirt": 32,
        "substitution": "",
        "yellowCard": false,
      },
      Object {
        "fullname": "Beranová Sára",
        "goals": Array [],
        "isInStartingLineup": true,
        "position": "Neuvedeno",
        "redCard": false,
        "shirt": 8,
        "substitution": "",
        "yellowCard": false,
      },
      Object {
        "fullname": "Šandová Sofie",
        "goals": Array [],
        "isInStartingLineup": true,
        "position": "Neuvedeno",
        "redCard": false,
        "shirt": 12,
        "substitution": "",
        "yellowCard": false,
      },
      Object {
        "fullname": "Kováříková Ema",
        "goals": Array [],
        "isInStartingLineup": true,
        "position": "Neuvedeno",
        "redCard": false,
        "shirt": 15,
        "substitution": "",
        "yellowCard": false,
      },
      Object {
        "fullname": "Pohořalá Monika",
        "goals": Array [
          Object {
            "minute": 4,
            "type": "Branka",
          },
          Object {
            "minute": 14,
            "type": "Branka",
          },
          Object {
            "minute": 17,
            "type": "Branka",
          },
        ],
        "isInStartingLineup": true,
        "position": "Neuvedeno",
        "redCard": false,
        "shirt": 18,
        "substitution": "",
        "yellowCard": false,
      },
      Object {
        "fullname": "Štrosová Natálie",
        "goals": Array [],
        "isInStartingLineup": true,
        "position": "Neuvedeno",
        "redCard": false,
        "shirt": 19,
        "substitution": "",
        "yellowCard": false,
      },
      Object {
        "fullname": "Dragounová Adéla",
        "goals": Array [
          Object {
            "minute": 7,
            "type": "Branka",
          },
          Object {
            "minute": 21,
            "type": "Branka",
          },
        ],
        "isInStartingLineup": true,
        "position": "Neuvedeno",
        "redCard": false,
        "shirt": 25,
        "substitution": "",
        "yellowCard": false,
      },
      Object {
        "fullname": "Valtrová Elena",
        "goals": Array [],
        "isInStartingLineup": true,
        "position": "Neuvedeno",
        "redCard": false,
        "shirt": 6,
        "substitution": "",
        "yellowCard": false,
      },
      Object {
        "fullname": "Procházková Eliška",
        "goals": Array [],
        "isInStartingLineup": true,
        "position": "Neuvedeno",
        "redCard": false,
        "shirt": 20,
        "substitution": "",
        "yellowCard": false,
      },
      Object {
        "fullname": "Vacíková Nela",
        "goals": Array [
          Object {
            "minute": 12,
            "type": "Branka",
          },
        ],
        "isInStartingLineup": true,
        "position": "Neuvedeno",
        "redCard": false,
        "shirt": 17,
        "substitution": "",
        "yellowCard": false,
      },
      Object {
        "fullname": "Marešová Petra",
        "goals": Array [
          Object {
            "minute": 23,
            "type": "Branka",
          },
        ],
        "isInStartingLineup": true,
        "position": "Neuvedeno",
        "redCard": false,
        "shirt": 21,
        "substitution": "",
        "yellowCard": false,
      },
    ],
  },
  "takePlace": "Neděle 26. 9. 2021 13:00",
}
`;
